mode: set
github.com/sdsquires-byu/mydb/builder.go:17.36,19.2 1 1
github.com/sdsquires-byu/mydb/builder.go:27.33,29.2 1 1
github.com/sdsquires-byu/mydb/builder.go:35.44,39.29 3 1
github.com/sdsquires-byu/mydb/builder.go:39.29,40.27 1 1
github.com/sdsquires-byu/mydb/builder.go:41.15,42.48 1 1
github.com/sdsquires-byu/mydb/builder.go:42.48,44.5 1 1
github.com/sdsquires-byu/mydb/builder.go:45.19,47.18 2 1
github.com/sdsquires-byu/mydb/builder.go:47.18,49.5 1 1
github.com/sdsquires-byu/mydb/builder.go:50.4,50.33 1 1
github.com/sdsquires-byu/mydb/builder.go:51.18,53.32 2 1
github.com/sdsquires-byu/mydb/builder.go:54.18,55.53 1 1
github.com/sdsquires-byu/mydb/builder.go:55.53,58.5 2 1
github.com/sdsquires-byu/mydb/builder.go:59.11,60.73 1 1
github.com/sdsquires-byu/mydb/builder.go:64.2,64.54 1 1
github.com/sdsquires-byu/mydb/builder.go:67.43,70.29 2 1
github.com/sdsquires-byu/mydb/builder.go:70.29,71.40 1 1
github.com/sdsquires-byu/mydb/builder.go:71.40,73.4 1 1
github.com/sdsquires-byu/mydb/builder.go:76.2,76.38 1 1
github.com/sdsquires-byu/mydb/db.go:21.38,22.15 1 1
github.com/sdsquires-byu/mydb/db.go:22.15,24.3 1 1
github.com/sdsquires-byu/mydb/db.go:26.2,27.16 2 0
github.com/sdsquires-byu/mydb/db.go:27.16,29.3 1 0
github.com/sdsquires-byu/mydb/db.go:31.2,34.8 1 0
github.com/sdsquires-byu/mydb/db.go:38.31,40.2 1 0
github.com/sdsquires-byu/mydb/db.go:43.38,45.2 1 0
github.com/sdsquires-byu/mydb/db.go:48.77,50.2 1 0
github.com/sdsquires-byu/mydb/db.go:53.72,55.2 1 0
github.com/sdsquires-byu/mydb/db.go:58.75,60.2 1 0
github.com/sdsquires-byu/mydb/db.go:63.69,65.2 1 0
github.com/sdsquires-byu/mydb/db.go:68.92,70.2 1 0
github.com/sdsquires-byu/mydb/db.go:73.95,75.2 1 0
github.com/sdsquires-byu/mydb/db.go:78.95,80.2 1 0
github.com/sdsquires-byu/mydb/db.go:83.97,85.2 1 0
github.com/sdsquires-byu/mydb/db.go:88.90,90.2 1 0
github.com/sdsquires-byu/mydb/query.go:25.47,30.2 1 1
github.com/sdsquires-byu/mydb/query.go:33.79,34.14 1 1
github.com/sdsquires-byu/mydb/query.go:34.14,36.3 1 1
github.com/sdsquires-byu/mydb/query.go:38.2,38.52 1 1
github.com/sdsquires-byu/mydb/query.go:42.74,43.14 1 1
github.com/sdsquires-byu/mydb/query.go:43.14,45.3 1 1
github.com/sdsquires-byu/mydb/query.go:47.2,47.63 1 0
github.com/sdsquires-byu/mydb/query.go:51.77,52.14 1 1
github.com/sdsquires-byu/mydb/query.go:52.14,54.3 1 1
github.com/sdsquires-byu/mydb/query.go:56.2,56.66 1 0
github.com/sdsquires-byu/mydb/tx.go:30.52,31.15 1 1
github.com/sdsquires-byu/mydb/tx.go:31.15,33.3 1 1
github.com/sdsquires-byu/mydb/tx.go:35.2,35.54 1 0
github.com/sdsquires-byu/mydb/tx.go:39.75,41.2 1 1
github.com/sdsquires-byu/mydb/tx.go:47.104,48.15 1 1
github.com/sdsquires-byu/mydb/tx.go:48.15,50.3 1 1
github.com/sdsquires-byu/mydb/tx.go:52.2,53.16 2 1
github.com/sdsquires-byu/mydb/tx.go:53.16,55.3 1 1
github.com/sdsquires-byu/mydb/tx.go:56.2,56.15 1 1
github.com/sdsquires-byu/mydb/tx.go:56.15,58.3 1 1
github.com/sdsquires-byu/mydb/tx.go:60.2,60.15 1 1
github.com/sdsquires-byu/mydb/tx.go:60.15,61.31 1 1
github.com/sdsquires-byu/mydb/tx.go:61.31,63.12 2 0
github.com/sdsquires-byu/mydb/tx.go:67.2,67.31 1 1
github.com/sdsquires-byu/mydb/tx.go:67.31,68.55 1 1
github.com/sdsquires-byu/mydb/tx.go:68.55,70.4 1 1
github.com/sdsquires-byu/mydb/tx.go:71.3,71.13 1 1
github.com/sdsquires-byu/mydb/tx.go:74.2,74.20 1 1
github.com/sdsquires-byu/mydb/tx.go:81.84,83.2 1 0
github.com/sdsquires-byu/mydb/tx.go:87.86,88.14 1 1
github.com/sdsquires-byu/mydb/tx.go:88.14,90.3 1 1
github.com/sdsquires-byu/mydb/tx.go:92.2,92.21 1 1
github.com/sdsquires-byu/mydb/tx.go:95.65,96.20 1 1
github.com/sdsquires-byu/mydb/tx.go:96.20,98.3 1 1
github.com/sdsquires-byu/mydb/tx.go:100.2,100.42 1 1
